2026.03.23 15:47:59 INFO  Started: Metals version 1.6.6 in folders '/Users/macciek/praca/andrzej_1' for client Visual Studio Code 1.112.0.[0m
2026.03.23 15:47:59 INFO  Memory monitor started[0m
2026.03.23 15:48:00 WARN  Using H2 2.4.240 which is newer than the version Flyway has been verified with. The latest verified version of H2 is 2.3.232.[0m
2026.03.23 15:48:03 INFO  restarted 0 presentation compilers[0m
2026.03.23 15:48:58 INFO  no build target found for /Users/macciek/praca/andrzej_1/stronaQr/src/main/java/com/example/stronaQr/HealthController.java. Using fallback presentation compiler.[0m
2026.03.23 15:48:58 WARN  no build target for: /Users/macciek/praca/andrzej_1/stronaQr/src/main/java/com/example/stronaQr/HealthController.java[0m
mar 23, 2026 3:49:14 PM org.eclipse.lsp4j.jsonrpc.services.GenericEndpoint notify
INFO: Unsupported notification method: $/setTrace
2026.03.23 15:50:54 INFO  no build target found for /Users/macciek/praca/andrzej_1/stronaQr/src/main/java/com/example/stronaQr/StronaQrApplication.java. Using fallback presentation compiler.[0m
2026.03.23 15:50:58 INFO  no build target found for /Users/macciek/praca/andrzej_1/stronaQr/src/main/java/com/example/stronaQr/DbHealthController.java. Using fallback presentation compiler.[0m
2026.03.23 15:50:58 WARN  no build target for: /Users/macciek/praca/andrzej_1/stronaQr/src/main/java/com/example/stronaQr/DbHealthController.java[0m
2026.03.23 15:51:02 INFO  no build target found for /Users/macciek/praca/andrzej_1/stronaQr/src/main/java/com/example/stronaQr/DbHealthController.java. Using fallback presentation compiler.[0m
2026.03.23 15:51:02 WARN  no build target for: /Users/macciek/praca/andrzej_1/stronaQr/src/main/java/com/example/stronaQr/DbHealthController.java[0m
2026.03.23 15:51:57 INFO  no build target found for /Users/macciek/praca/andrzej_1/stronaQr/src/main/java/com/example/stronaQr/HealthController.java. Using fallback presentation compiler.[0m
2026.03.23 16:02:01 INFO  no build target found for /Users/macciek/praca/andrzej_1/stronaQr/src/main/java/com/example/stronaQr/DbHealthController.java. Using fallback presentation compiler.[0m
2026.03.23 16:02:02 WARN  no build target for: /Users/macciek/praca/andrzej_1/stronaQr/src/main/java/com/example/stronaQr/DbHealthController.java[0m
mar 23, 2026 4:02:02 PM org.eclipse.lsp4j.jsonrpc.RemoteEndpoint handleCancellation
WARNING: Unmatched cancel notification for request id 3
2026.03.23 16:02:01 INFO  no build target found for /Users/macciek/praca/andrzej_1/stronaQr/src/main/java/com/example/stronaQr/DbHealthController.java. Using fallback presentation compiler.[0m
2026.03.23 16:02:02 INFO  no build target found for /Users/macciek/praca/andrzej_1/stronaQr/src/main/java/com/example/stronaQr/DbHealthController.java. Using fallback presentation compiler.[0m
2026.03.23 16:02:03 INFO  no build target found for /Users/macciek/praca/andrzej_1/stronaQr/src/main/java/com/example/stronaQr/DbHealthController.java. Using fallback presentation compiler.[0m
2026.03.23 16:02:03 INFO  no build target found for /Users/macciek/praca/andrzej_1/stronaQr/src/main/java/com/example/stronaQr/DbHealthController.java. Using fallback presentation compiler.[0m
2026.03.23 16:02:03 INFO  no build target found for /Users/macciek/praca/andrzej_1/stronaQr/src/main/java/com/example/stronaQr/DbHealthController.java. Using fallback presentation compiler.[0m
mar 23, 2026 4:02:17 PM org.eclipse.lsp4j.jsonrpc.RemoteEndpoint handleNotification
WARNING: Notification threw an exception: {
  "jsonrpc": "2.0",
  "method": "textDocument/didOpen",
  "params": {
    "textDocument": {
      "uri": "file:///Users/macciek/praca/andrzej_1/stronaQr/src/main/java/com/example/stronaQr/controller/HealthCheck.java",
      "languageId": "java",
      "version": 1,
      "text": "package com.example.yerbaApp.global.controller;\n\nimport org.springframework.web.bind.annotation.GetMapping;\nimport org.springframework.web.bind.annotation.RequestMapping;\nimport org.springframework.web.bind.annotation.RestController;\n\nimport com.example.yerbaApp.shared.dto.ResponseDto;\nimport com.example.yerbaApp.shared.enums.StatusCode;\n\n@RestController\n@RequestMapping(\"/health-check\")\npublic class HealthCheck {\n    @GetMapping\n    public ResponseDto\u003cString\u003e getHealthcheck() {\n        return new ResponseDto\u003c\u003e(StatusCode.SUCCESSFUL, \"Health check\", \"Data\");\n    }\n}\n"
    }
  }
}
java.lang.IllegalStateException: An unexpected exception occurred while executing jsonrpc method public abstract java.util.concurrent.CompletableFuture scala.meta.metals.lsp.TextDocumentService.didOpen(org.eclipse.lsp4j.DidOpenTextDocumentParams)
	at org.eclipse.lsp4j.jsonrpc.services.GenericEndpoint.lambda$recursiveFindRpcMethods$0(GenericEndpoint.java:73)
	at org.eclipse.lsp4j.jsonrpc.services.GenericEndpoint.notify(GenericEndpoint.java:160)
	at org.eclipse.lsp4j.jsonrpc.RemoteEndpoint.handleNotification(RemoteEndpoint.java:225)
	at org.eclipse.lsp4j.jsonrpc.RemoteEndpoint.consume(RemoteEndpoint.java:192)
	at org.eclipse.lsp4j.jsonrpc.json.StreamMessageProducer.handleMessage(StreamMessageProducer.java:189)
	at org.eclipse.lsp4j.jsonrpc.json.StreamMessageProducer.listen(StreamMessageProducer.java:97)
	at org.eclipse.lsp4j.jsonrpc.json.ConcurrentMessageProcessor.run(ConcurrentMessageProcessor.java:97)
	at java.base/java.util.concurrent.Executors$RunnableAdapter.call(Executors.java:572)
	at java.base/java.util.concurrent.FutureTask.run(FutureTask.java:317)
	at java.base/java.util.concurrent.ThreadPoolExecutor.runWorker(ThreadPoolExecutor.java:1144)
	at java.base/java.util.concurrent.ThreadPoolExecutor$Worker.run(ThreadPoolExecutor.java:642)
	at java.base/java.lang.Thread.run(Thread.java:1583)
Caused by: java.nio.file.NoSuchFileException: /Users/macciek/praca/andrzej_1/stronaQr/src/main/java/com/example/stronaQr/controller/HealthCheck.java
	at java.base/sun.nio.fs.UnixException.translateToIOException(UnixException.java:92)
	at java.base/sun.nio.fs.UnixException.rethrowAsIOException(UnixException.java:106)
	at java.base/sun.nio.fs.UnixException.rethrowAsIOException(UnixException.java:111)
	at java.base/sun.nio.fs.UnixFileSystemProvider.newByteChannel(UnixFileSystemProvider.java:261)
	at java.base/java.nio.file.Files.newByteChannel(Files.java:380)
	at java.base/java.nio.file.Files.newByteChannel(Files.java:432)
	at java.base/java.nio.file.Files.readAllBytes(Files.java:3281)
	at scala.meta.internal.io.PlatformFileIO$.slurp(PlatformFileIO.scala:38)
	at scala.meta.internal.io.FileIO$.slurp(FileIO.scala:18)
	at scala.meta.internal.metals.MetalsLspService.didOpen(MetalsLspService.scala:760)
	at scala.meta.internal.metals.WorkspaceLspService.didOpen(WorkspaceLspService.scala:476)
	at scala.meta.metals.lsp.DelegatingScalaService.didOpen(DelegatingScalaService.scala:38)
	at java.base/jdk.internal.reflect.DirectMethodHandleAccessor.invoke(DirectMethodHandleAccessor.java:103)
	at java.base/java.lang.reflect.Method.invoke(Method.java:580)
	at org.eclipse.lsp4j.jsonrpc.services.GenericEndpoint.lambda$recursiveFindRpcMethods$0(GenericEndpoint.java:65)
	... 11 more

2026.03.23 16:02:17 INFO  no build target found for /Users/macciek/praca/andrzej_1/stronaQr/src/main/java/com/example/stronaQr/controller/HealthCheck.java. Using fallback presentation compiler.[0m
2026.03.23 16:02:17 INFO  no build target found for /Users/macciek/praca/andrzej_1/stronaQr/src/main/java/com/example/stronaQr/controller/HealthCheck.java. Using fallback presentation compiler.[0m
2026.03.23 16:02:18 INFO  no build target found for /Users/macciek/praca/andrzej_1/stronaQr/src/main/java/com/example/stronaQr/DbHealthController.java. Using fallback presentation compiler.[0m
2026.03.23 16:02:18 INFO  no build target found for /Users/macciek/praca/andrzej_1/stronaQr/src/main/java/com/example/stronaQr/DbHealthController.java. Using fallback presentation compiler.[0m
2026.03.23 16:02:23 INFO  no build target found for /Users/macciek/praca/andrzej_1/stronaQr/src/main/java/com/example/stronaQr/DbHealthController.java. Using fallback presentation compiler.[0m
2026.03.23 16:02:23 INFO  no build target found for /Users/macciek/praca/andrzej_1/stronaQr/src/main/java/com/example/stronaQr/global/controller/DbHealthController.java. Using fallback presentation compiler.[0m
2026.03.23 16:02:24 INFO  no build target found for /Users/macciek/praca/andrzej_1/stronaQr/src/main/java/com/example/stronaQr/global/controller/DbHealthController.java. Using fallback presentation compiler.[0m
2026.03.23 16:02:23 INFO  no build target found for /Users/macciek/praca/andrzej_1/stronaQr/src/main/java/com/example/stronaQr/DbHealthController.java. Using fallback presentation compiler.[0m
mar 23, 2026 4:02:24 PM org.eclipse.lsp4j.jsonrpc.RemoteEndpoint handleCancellation
WARNING: Unmatched cancel notification for request id 17
2026.03.23 16:02:23 INFO  no build target found for /Users/macciek/praca/andrzej_1/stronaQr/src/main/java/com/example/stronaQr/global/controller/DbHealthController.java. Using fallback presentation compiler.[0m
2026.03.23 16:02:26 INFO  no build target found for /Users/macciek/praca/andrzej_1/stronaQr/src/main/java/com/example/stronaQr/global/controller/DbHealthController.java. Using fallback presentation compiler.[0m
2026.03.23 16:02:31 INFO  no build target found for /Users/macciek/praca/andrzej_1/stronaQr/src/main/java/com/example/stronaQr/global/controller/DbHealthController.java. Using fallback presentation compiler.[0m
2026.03.23 16:02:31 WARN  no build target for: /Users/macciek/praca/andrzej_1/stronaQr/src/main/java/com/example/stronaQr/global/controller/DbHealthController.java[0m
2026.03.23 16:02:31 INFO  no build target found for /Users/macciek/praca/andrzej_1/stronaQr/src/main/java/com/example/stronaQr/global/controller/DbHealthController.java. Using fallback presentation compiler.[0m
2026.03.23 16:02:31 INFO  no build target found for /Users/macciek/praca/andrzej_1/stronaQr/src/main/java/com/example/stronaQr/global/controller/DbHealthController.java. Using fallback presentation compiler.[0m
2026.03.23 16:03:21 INFO  no build target found for /Users/macciek/praca/andrzej_1/stronaQr/src/main/java/com/example/stronaQr/core/handler/exception/ApiException.java. Using fallback presentation compiler.[0m
2026.03.23 16:03:21 INFO  no build target found for /Users/macciek/praca/andrzej_1/stronaQr/src/main/java/com/example/stronaQr/core/handler/exception/controller/GlobalExceptionHandler.java. Using fallback presentation compiler.[0m
2026.03.23 16:03:21 INFO  no build target found for /Users/macciek/praca/andrzej_1/stronaQr/src/main/java/com/example/stronaQr/core/handler/exception/enums/ErrorCode.java. Using fallback presentation compiler.[0m
2026.03.23 16:03:21 INFO  no build target found for /Users/macciek/praca/andrzej_1/stronaQr/src/main/java/com/example/stronaQr/global/controller/HealthCheck.java. Using fallback presentation compiler.[0m
2026.03.23 16:03:21 INFO  no build target found for /Users/macciek/praca/andrzej_1/stronaQr/src/main/java/com/example/stronaQr/core/handler/exception/dto/ErrorResponseDto.java. Using fallback presentation compiler.[0m
2026.03.23 16:03:22 INFO  no build target found for /Users/macciek/praca/andrzej_1/stronaQr/src/main/java/com/example/stronaQr/core/handler/exception/dto/ErrorResponseDto.java. Using fallback presentation compiler.[0m
2026.03.23 16:03:29 INFO  no build target found for /Users/macciek/praca/andrzej_1/stronaQr/src/main/java/com/example/stronaQr/global/controller/HealthCheck.java. Using fallback presentation compiler.[0m
2026.03.23 16:03:29 INFO  no build target found for /Users/macciek/praca/andrzej_1/stronaQr/src/main/java/com/example/stronaQr/core/handler/exception/controller/GlobalExceptionHandler.java. Using fallback presentation compiler.[0m
2026.03.23 16:03:29 INFO  no build target found for /Users/macciek/praca/andrzej_1/stronaQr/src/main/java/com/example/stronaQr/core/handler/exception/ApiException.java. Using fallback presentation compiler.[0m
2026.03.23 16:03:29 INFO  no build target found for /Users/macciek/praca/andrzej_1/stronaQr/src/main/java/com/example/stronaQr/core/handler/exception/enums/ErrorCode.java. Using fallback presentation compiler.[0m
2026.03.23 16:03:29 WARN  no build target for: /Users/macciek/praca/andrzej_1/stronaQr/src/main/java/com/example/stronaQr/core/handler/exception/controller/GlobalExceptionHandler.java[0m
2026.03.23 16:03:29 WARN  no build target for: /Users/macciek/praca/andrzej_1/stronaQr/src/main/java/com/example/stronaQr/global/controller/HealthCheck.java[0m
2026.03.23 16:03:29 WARN  no build target for: /Users/macciek/praca/andrzej_1/stronaQr/src/main/java/com/example/stronaQr/core/handler/exception/enums/ErrorCode.java[0m
2026.03.23 16:03:29 WARN  no build target for: /Users/macciek/praca/andrzej_1/stronaQr/src/main/java/com/example/stronaQr/core/handler/exception/ApiException.java[0m
2026.03.23 16:03:30 INFO  no build target found for /Users/macciek/praca/andrzej_1/stronaQr/src/main/java/com/example/stronaQr/global/controller/DbHealthController.java. Using fallback presentation compiler.[0m
2026.03.23 16:03:30 INFO  no build target found for /Users/macciek/praca/andrzej_1/stronaQr/src/main/java/com/example/stronaQr/global/controller/DbHealthController.java. Using fallback presentation compiler.[0m
2026.03.23 16:03:31 INFO  no build target found for /Users/macciek/praca/andrzej_1/stronaQr/src/main/java/com/example/stronaQr/global/controller/DbHealthController.java. Using fallback presentation compiler.[0m
2026.03.23 16:03:31 INFO  no build target found for /Users/macciek/praca/andrzej_1/stronaQr/src/main/java/com/example/stronaQr/global/controller/DbHealthController.java. Using fallback presentation compiler.[0m
2026.03.23 16:03:33 INFO  no build target found for /Users/macciek/praca/andrzej_1/stronaQr/src/main/java/com/example/stronaQr/core/handler/exception/dto/ErrorResponseDto.java. Using fallback presentation compiler.[0m
2026.03.23 16:03:33 WARN  no build target for: /Users/macciek/praca/andrzej_1/stronaQr/src/main/java/com/example/stronaQr/core/handler/exception/dto/ErrorResponseDto.java[0m
2026.03.23 16:03:33 INFO  no build target found for /Users/macciek/praca/andrzej_1/stronaQr/src/main/java/com/example/stronaQr/global/controller/DbHealthController.java. Using fallback presentation compiler.[0m
2026.03.23 16:03:34 INFO  no build target found for /Users/macciek/praca/andrzej_1/stronaQr/src/main/java/com/example/stronaQr/global/controller/DbHealthController.java. Using fallback presentation compiler.[0m
2026.03.23 16:03:34 INFO  no build target found for /Users/macciek/praca/andrzej_1/stronaQr/src/main/java/com/example/stronaQr/global/controller/DbHealthController.java. Using fallback presentation compiler.[0m
2026.03.23 16:03:40 INFO  no build target found for /Users/macciek/praca/andrzej_1/stronaQr/src/main/java/com/example/stronaQr/global/controller/DbHealthController.java. Using fallback presentation compiler.[0m
2026.03.23 16:03:40 INFO  no build target found for /Users/macciek/praca/andrzej_1/stronaQr/src/main/java/com/example/stronaQr/global/controller/DbHealthController.java. Using fallback presentation compiler.[0m
2026.03.23 16:04:26 INFO  no build target found for /Users/macciek/praca/andrzej_1/stronaQr/src/main/java/com/example/stronaQr/global/controller/DbHealthController.java. Using fallback presentation compiler.[0m
2026.03.23 16:04:26 INFO  no build target found for /Users/macciek/praca/andrzej_1/stronaQr/src/main/java/com/example/stronaQr/global/controller/DbHealthController.java. Using fallback presentation compiler.[0m
2026.03.23 16:04:35 INFO  no build target found for /Users/macciek/praca/andrzej_1/stronaQr/src/main/java/com/example/stronaQr/global/controller/DbHealthController.java. Using fallback presentation compiler.[0m
mar 23, 2026 4:04:37 PM org.eclipse.lsp4j.jsonrpc.services.GenericEndpoint notify
INFO: Unsupported notification method: $/setTrace
2026.03.23 16:04:40 INFO  no build target found for /Users/macciek/praca/andrzej_1/stronaQr/src/main/java/com/example/stronaQr/global/controller/DbHealthController.java. Using fallback presentation compiler.[0m
2026.03.23 16:04:41 INFO  no build target found for /Users/macciek/praca/andrzej_1/stronaQr/src/main/java/com/example/stronaQr/global/controller/DbHealthController.java. Using fallback presentation compiler.[0m
2026.03.23 16:04:42 INFO  no build target found for /Users/macciek/praca/andrzej_1/stronaQr/src/main/java/com/example/stronaQr/global/controller/DbHealthController.java. Using fallback presentation compiler.[0m
2026.03.23 16:04:42 INFO  no build target found for /Users/macciek/praca/andrzej_1/stronaQr/src/main/java/com/example/stronaQr/global/controller/DbHealthController.java. Using fallback presentation compiler.[0m
2026.03.23 16:04:42 INFO  no build target found for /Users/macciek/praca/andrzej_1/stronaQr/src/main/java/com/example/stronaQr/global/controller/DbHealthController.java. Using fallback presentation compiler.[0m
2026.03.23 16:04:43 INFO  no build target found for /Users/macciek/praca/andrzej_1/stronaQr/src/main/java/com/example/stronaQr/global/controller/DbHealthController.java. Using fallback presentation compiler.[0m
2026.03.23 16:04:43 INFO  no build target found for /Users/macciek/praca/andrzej_1/stronaQr/src/main/java/com/example/stronaQr/global/controller/DbHealthController.java. Using fallback presentation compiler.[0m
2026.03.23 16:04:45 INFO  no build target found for /Users/macciek/praca/andrzej_1/stronaQr/src/main/java/com/example/stronaQr/global/controller/HealthCheck.java. Using fallback presentation compiler.[0m
2026.03.23 16:04:45 WARN  no build target for: /Users/macciek/praca/andrzej_1/stronaQr/src/main/java/com/example/stronaQr/global/controller/HealthCheck.java[0m
mar 23, 2026 4:04:45 PM org.eclipse.lsp4j.jsonrpc.RemoteEndpoint handleCancellation
WARNING: Unmatched cancel notification for request id 60
2026.03.23 16:04:45 INFO  no build target found for /Users/macciek/praca/andrzej_1/stronaQr/src/main/java/com/example/stronaQr/global/controller/HealthCheck.java. Using fallback presentation compiler.[0m
2026.03.23 16:04:45 INFO  no build target found for /Users/macciek/praca/andrzej_1/stronaQr/src/main/java/com/example/stronaQr/global/controller/HealthCheck.java. Using fallback presentation compiler.[0m
2026.03.23 16:04:45 INFO  no build target found for /Users/macciek/praca/andrzej_1/stronaQr/src/main/java/com/example/stronaQr/global/controller/HealthCheck.java. Using fallback presentation compiler.[0m
2026.03.23 16:04:46 INFO  no build target found for /Users/macciek/praca/andrzej_1/stronaQr/src/main/java/com/example/stronaQr/global/controller/HealthCheck.java. Using fallback presentation compiler.[0m
2026.03.23 16:04:46 INFO  no build target found for /Users/macciek/praca/andrzej_1/stronaQr/src/main/java/com/example/stronaQr/core/handler/exception/dto/ErrorResponseDto.java. Using fallback presentation compiler.[0m
2026.03.23 16:04:46 INFO  no build target found for /Users/macciek/praca/andrzej_1/stronaQr/src/main/java/com/example/stronaQr/core/handler/exception/dto/ErrorResponseDto.java. Using fallback presentation compiler.[0m
2026.03.23 16:04:47 WARN  no build target for: /Users/macciek/praca/andrzej_1/stronaQr/src/main/java/com/example/stronaQr/core/handler/exception/dto/ErrorResponseDto.java[0m
2026.03.23 16:04:47 INFO  no build target found for /Users/macciek/praca/andrzej_1/stronaQr/src/main/java/com/example/stronaQr/core/handler/exception/dto/ErrorResponseDto.java. Using fallback presentation compiler.[0m
2026.03.23 16:04:48 WARN  no build target for: /Users/macciek/praca/andrzej_1/stronaQr/src/main/java/com/example/stronaQr/global/controller/HealthCheck.java[0m
2026.03.23 16:04:48 INFO  no build target found for /Users/macciek/praca/andrzej_1/stronaQr/src/main/java/com/example/stronaQr/core/handler/exception/controller/GlobalExceptionHandler.java. Using fallback presentation compiler.[0m
2026.03.23 16:04:48 WARN  no build target for: /Users/macciek/praca/andrzej_1/stronaQr/src/main/java/com/example/stronaQr/core/handler/exception/controller/GlobalExceptionHandler.java[0m
mar 23, 2026 4:04:48 PM org.eclipse.lsp4j.jsonrpc.RemoteEndpoint handleCancellation
WARNING: Unmatched cancel notification for request id 78
2026.03.23 16:04:48 INFO  no build target found for /Users/macciek/praca/andrzej_1/stronaQr/src/main/java/com/example/stronaQr/core/handler/exception/controller/GlobalExceptionHandler.java. Using fallback presentation compiler.[0m
2026.03.23 16:04:48 INFO  no build target found for /Users/macciek/praca/andrzej_1/stronaQr/src/main/java/com/example/stronaQr/core/handler/exception/controller/GlobalExceptionHandler.java. Using fallback presentation compiler.[0m
2026.03.23 16:04:48 INFO  no build target found for /Users/macciek/praca/andrzej_1/stronaQr/src/main/java/com/example/stronaQr/core/handler/exception/ApiException.java. Using fallback presentation compiler.[0m
2026.03.23 16:04:48 WARN  no build target for: /Users/macciek/praca/andrzej_1/stronaQr/src/main/java/com/example/stronaQr/core/handler/exception/ApiException.java[0m
mar 23, 2026 4:04:49 PM org.eclipse.lsp4j.jsonrpc.RemoteEndpoint handleCancellation
WARNING: Unmatched cancel notification for request id 86
2026.03.23 16:04:48 INFO  no build target found for /Users/macciek/praca/andrzej_1/stronaQr/src/main/java/com/example/stronaQr/core/handler/exception/ApiException.java. Using fallback presentation compiler.[0m
2026.03.23 16:04:49 INFO  no build target found for /Users/macciek/praca/andrzej_1/stronaQr/src/main/java/com/example/stronaQr/core/handler/exception/ApiException.java. Using fallback presentation compiler.[0m
2026.03.23 16:04:49 WARN  no build target for: /Users/macciek/praca/andrzej_1/stronaQr/src/main/java/com/example/stronaQr/core/handler/exception/dto/ErrorResponseDto.java[0m
2026.03.23 16:04:50 INFO  no build target found for /Users/macciek/praca/andrzej_1/stronaQr/src/main/java/com/example/stronaQr/core/handler/exception/enums/ErrorCode.java. Using fallback presentation compiler.[0m
2026.03.23 16:04:50 WARN  no build target for: /Users/macciek/praca/andrzej_1/stronaQr/src/main/java/com/example/stronaQr/core/handler/exception/enums/ErrorCode.java[0m
mar 23, 2026 4:04:50 PM org.eclipse.lsp4j.jsonrpc.RemoteEndpoint handleCancellation
WARNING: Unmatched cancel notification for request id 94
2026.03.23 16:04:50 INFO  no build target found for /Users/macciek/praca/andrzej_1/stronaQr/src/main/java/com/example/stronaQr/core/handler/exception/enums/ErrorCode.java. Using fallback presentation compiler.[0m
2026.03.23 16:04:50 INFO  no build target found for /Users/macciek/praca/andrzej_1/stronaQr/src/main/java/com/example/stronaQr/core/handler/exception/enums/ErrorCode.java. Using fallback presentation compiler.[0m
2026.03.23 16:04:50 INFO  no build target found for /Users/macciek/praca/andrzej_1/stronaQr/src/main/java/com/example/stronaQr/core/handler/exception/controller/GlobalExceptionHandler.java. Using fallback presentation compiler.[0m
2026.03.23 16:04:50 WARN  no build target for: /Users/macciek/praca/andrzej_1/stronaQr/src/main/java/com/example/stronaQr/core/handler/exception/controller/GlobalExceptionHandler.java[0m
mar 23, 2026 4:04:51 PM org.eclipse.lsp4j.jsonrpc.RemoteEndpoint handleCancellation
WARNING: Unmatched cancel notification for request id 102
2026.03.23 16:04:50 INFO  no build target found for /Users/macciek/praca/andrzej_1/stronaQr/src/main/java/com/example/stronaQr/core/handler/exception/controller/GlobalExceptionHandler.java. Using fallback presentation compiler.[0m
2026.03.23 16:04:51 WARN  no build target for: /Users/macciek/praca/andrzej_1/stronaQr/src/main/java/com/example/stronaQr/core/handler/exception/controller/GlobalExceptionHandler.java[0m
2026.03.23 16:04:51 WARN  no build target for: /Users/macciek/praca/andrzej_1/stronaQr/src/main/java/com/example/stronaQr/core/handler/exception/ApiException.java[0m
2026.03.23 16:04:52 WARN  no build target for: /Users/macciek/praca/andrzej_1/stronaQr/src/main/java/com/example/stronaQr/core/handler/exception/enums/ErrorCode.java[0m
2026.03.23 16:04:53 INFO  no build target found for /Users/macciek/praca/andrzej_1/stronaQr/src/main/java/com/example/stronaQr/global/controller/DbHealthController.java. Using fallback presentation compiler.[0m
2026.03.23 16:04:53 WARN  no build target for: /Users/macciek/praca/andrzej_1/stronaQr/src/main/java/com/example/stronaQr/global/controller/DbHealthController.java[0m
mar 23, 2026 4:04:53 PM org.eclipse.lsp4j.jsonrpc.RemoteEndpoint handleCancellation
WARNING: Unmatched cancel notification for request id 109
2026.03.23 16:04:53 INFO  no build target found for /Users/macciek/praca/andrzej_1/stronaQr/src/main/java/com/example/stronaQr/global/controller/DbHealthController.java. Using fallback presentation compiler.[0m
2026.03.23 16:04:53 INFO  no build target found for /Users/macciek/praca/andrzej_1/stronaQr/src/main/java/com/example/stronaQr/global/controller/DbHealthController.java. Using fallback presentation compiler.[0m
2026.03.23 16:04:54 INFO  no build target found for /Users/macciek/praca/andrzej_1/stronaQr/src/main/java/com/example/stronaQr/global/controller/DbHealthController.java. Using fallback presentation compiler.[0m
2026.03.23 16:04:56 WARN  no build target for: /Users/macciek/praca/andrzej_1/stronaQr/src/main/java/com/example/stronaQr/global/controller/DbHealthController.java[0m
2026.03.23 16:04:57 INFO  no build target found for /Users/macciek/praca/andrzej_1/stronaQr/src/main/java/com/example/stronaQr/global/controller/DbHealthController.java. Using fallback presentation compiler.[0m
2026.03.23 16:04:58 INFO  no build target found for /Users/macciek/praca/andrzej_1/stronaQr/src/main/java/com/example/stronaQr/global/controller/DbHealthController.java. Using fallback presentation compiler.[0m
2026.03.23 16:05:00 INFO  no build target found for /Users/macciek/praca/andrzej_1/stronaQr/src/main/java/com/example/stronaQr/global/controller/DbHealthController.java. Using fallback presentation compiler.[0m
2026.03.23 16:05:00 INFO  no build target found for /Users/macciek/praca/andrzej_1/stronaQr/src/main/java/com/example/stronaQr/global/controller/DbHealthController.java. Using fallback presentation compiler.[0m
2026.03.23 16:05:00 INFO  no build target found for /Users/macciek/praca/andrzej_1/stronaQr/src/main/java/com/example/stronaQr/global/controller/DbHealthController.java. Using fallback presentation compiler.[0m
2026.03.23 16:05:05 INFO  no build target found for /Users/macciek/praca/andrzej_1/stronaQr/src/main/java/com/example/stronaQr/global/controller/DbHealthController.java. Using fallback presentation compiler.[0m
2026.03.23 16:05:07 INFO  no build target found for /Users/macciek/praca/andrzej_1/stronaQr/src/main/java/com/example/stronaQr/global/controller/DbHealthController.java. Using fallback presentation compiler.[0m
2026.03.23 16:05:07 INFO  no build target found for /Users/macciek/praca/andrzej_1/stronaQr/src/main/java/com/example/stronaQr/global/controller/DbHealthController.java. Using fallback presentation compiler.[0m
2026.03.23 16:05:08 INFO  no build target found for /Users/macciek/praca/andrzej_1/stronaQr/src/main/java/com/example/stronaQr/global/controller/DbHealthController.java. Using fallback presentation compiler.[0m
2026.03.23 16:05:08 INFO  no build target found for /Users/macciek/praca/andrzej_1/stronaQr/src/main/java/com/example/stronaQr/global/controller/DbHealthController.java. Using fallback presentation compiler.[0m
2026.03.23 16:05:23 INFO  no build target found for /Users/macciek/praca/andrzej_1/stronaQr/src/main/java/com/example/stronaQr/core/handler/exception/controller/GlobalExceptionHandler.java. Using fallback presentation compiler.[0m
2026.03.23 16:05:24 INFO  no build target found for /Users/macciek/praca/andrzej_1/stronaQr/src/main/java/com/example/stronaQr/global/controller/DbHealthController.java. Using fallback presentation compiler.[0m
2026.03.23 16:05:23 INFO  no build target found for /Users/macciek/praca/andrzej_1/stronaQr/src/main/java/com/example/stronaQr/core/handler/exception/controller/GlobalExceptionHandler.java. Using fallback presentation compiler.[0m
2026.03.23 16:05:24 INFO  no build target found for /Users/macciek/praca/andrzej_1/stronaQr/src/main/java/com/example/stronaQr/global/controller/HealthCheck.java. Using fallback presentation compiler.[0m
2026.03.23 16:05:24 INFO  no build target found for /Users/macciek/praca/andrzej_1/stronaQr/src/main/java/com/example/stronaQr/core/handler/exception/ApiException.java. Using fallback presentation compiler.[0m
2026.03.23 16:05:27 INFO  no build target found for /Users/macciek/praca/andrzej_1/stronaQr/src/main/java/com/example/stronaQr/core/handler/exception/controller/GlobalExceptionHandler.java. Using fallback presentation compiler.[0m
2026.03.23 16:05:27 INFO  no build target found for /Users/macciek/praca/andrzej_1/stronaQr/src/main/java/com/example/stronaQr/core/handler/exception/dto/ErrorResponseDto.java. Using fallback presentation compiler.[0m
2026.03.23 16:05:27 INFO  no build target found for /Users/macciek/praca/andrzej_1/stronaQr/src/main/java/com/example/stronaQr/core/handler/exception/enums/ErrorCode.java. Using fallback presentation compiler.[0m
2026.03.23 16:05:27 INFO  no build target found for /Users/macciek/praca/andrzej_1/stronaQr/src/main/java/com/example/stronaQr/global/controller/DbHealthController.java. Using fallback presentation compiler.[0m
2026.03.23 16:05:27 INFO  no build target found for /Users/macciek/praca/andrzej_1/stronaQr/src/main/java/com/example/stronaQr/global/controller/HealthCheck.java. Using fallback presentation compiler.[0m
2026.03.23 16:05:27 INFO  no build target found for /Users/macciek/praca/andrzej_1/stronaQr/src/main/java/com/example/stronaQr/StronaQrApplication.java. Using fallback presentation compiler.[0m
2026.03.23 16:05:36 INFO  no build target found for /Users/macciek/praca/andrzej_1/stronaQr/src/main/java/com/example/stronaQr/core/handler/exception/ApiException.java. Using fallback presentation compiler.[0m
2026.03.23 16:05:36 WARN  no build target for: /Users/macciek/praca/andrzej_1/stronaQr/src/main/java/com/example/stronaQr/core/handler/exception/ApiException.java[0m
2026.03.23 16:05:36 INFO  no build target found for /Users/macciek/praca/andrzej_1/stronaQr/src/main/java/com/example/stronaQr/core/handler/exception/ApiException.java. Using fallback presentation compiler.[0m
2026.03.23 16:05:36 INFO  no build target found for /Users/macciek/praca/andrzej_1/stronaQr/src/main/java/com/example/stronaQr/core/handler/exception/ApiException.java. Using fallback presentation compiler.[0m
2026.03.23 16:05:36 INFO  no build target found for /Users/macciek/praca/andrzej_1/stronaQr/src/main/java/com/example/stronaQr/core/handler/exception/ApiException.java. Using fallback presentation compiler.[0m
2026.03.23 16:05:37 INFO  no build target found for /Users/macciek/praca/andrzej_1/stronaQr/src/main/java/com/example/stronaQr/core/handler/exception/ApiException.java. Using fallback presentation compiler.[0m
2026.03.23 16:05:37 INFO  no build target found for /Users/macciek/praca/andrzej_1/stronaQr/src/main/java/com/example/stronaQr/core/handler/exception/ApiException.java. Using fallback presentation compiler.[0m
2026.03.23 16:05:42 INFO  no build target found for /Users/macciek/praca/andrzej_1/stronaQr/src/main/java/com/example/stronaQr/core/handler/exception/controller/GlobalExceptionHandler.java. Using fallback presentation compiler.[0m
2026.03.23 16:05:42 WARN  no build target for: /Users/macciek/praca/andrzej_1/stronaQr/src/main/java/com/example/stronaQr/core/handler/exception/controller/GlobalExceptionHandler.java[0m
2026.03.23 16:05:42 INFO  no build target found for /Users/macciek/praca/andrzej_1/stronaQr/src/main/java/com/example/stronaQr/core/handler/exception/controller/GlobalExceptionHandler.java. Using fallback presentation compiler.[0m
mar 23, 2026 4:05:42 PM org.eclipse.lsp4j.jsonrpc.RemoteEndpoint handleCancellation
WARNING: Unmatched cancel notification for request id 156
2026.03.23 16:05:42 INFO  no build target found for /Users/macciek/praca/andrzej_1/stronaQr/src/main/java/com/example/stronaQr/core/handler/exception/controller/GlobalExceptionHandler.java. Using fallback presentation compiler.[0m
2026.03.23 16:05:43 INFO  no build target found for /Users/macciek/praca/andrzej_1/stronaQr/src/main/java/com/example/stronaQr/core/handler/exception/controller/GlobalExceptionHandler.java. Using fallback presentation compiler.[0m
2026.03.23 16:05:43 INFO  no build target found for /Users/macciek/praca/andrzej_1/stronaQr/src/main/java/com/example/stronaQr/core/handler/exception/controller/GlobalExceptionHandler.java. Using fallback presentation compiler.[0m
2026.03.23 16:06:09 INFO  no build target found for /Users/macciek/praca/andrzej_1/stronaQr/src/main/java/com/example/stronaQr/StronaQrApplication.java. Using fallback presentation compiler.[0m
2026.03.23 16:06:40 INFO  no build target found for /Users/macciek/praca/andrzej_1/stronaQr/src/main/java/com/example/stronaQr/core/handler/exception/controller/GlobalExceptionHandler.java. Using fallback presentation compiler.[0m
2026.03.23 16:06:42 INFO  no build target found for /Users/macciek/praca/andrzej_1/stronaQr/src/main/java/com/example/stronaQr/core/handler/exception/controller/GlobalExceptionHandler.java. Using fallback presentation compiler.[0m
2026.03.23 16:07:07 INFO  no build target found for /Users/macciek/praca/andrzej_1/stronaQr/src/main/java/com/example/stronaQr/core/handler/exception/controller/GlobalExceptionHandler.java. Using fallback presentation compiler.[0m
2026.03.23 16:07:33 INFO  no build target found for /Users/macciek/praca/andrzej_1/stronaQr/src/main/java/com/example/stronaQr/core/handler/exception/controller/GlobalExceptionHandler.java. Using fallback presentation compiler.[0m
2026.03.23 16:07:58 INFO  no build target found for /Users/macciek/praca/andrzej_1/stronaQr/src/main/java/com/example/stronaQr/qr/entity/QrSession.java. Using fallback presentation compiler.[0m
2026.03.23 16:07:58 INFO  no build target found for /Users/macciek/praca/andrzej_1/stronaQr/src/main/java/com/example/stronaQr/qr/entity/QrUser.java. Using fallback presentation compiler.[0m
2026.03.23 16:07:58 INFO  no build target found for /Users/macciek/praca/andrzej_1/stronaQr/src/main/java/com/example/stronaQr/qr/entity/QrSession.java. Using fallback presentation compiler.[0m
2026.03.23 16:07:58 INFO  no build target found for /Users/macciek/praca/andrzej_1/stronaQr/src/main/java/com/example/stronaQr/qr/entity/QrResponse.java. Using fallback presentation compiler.[0m
2026.03.23 16:07:58 INFO  no build target found for /Users/macciek/praca/andrzej_1/stronaQr/src/main/java/com/example/stronaQr/qr/entity/QrSession.java. Using fallback presentation compiler.[0m
2026.03.23 16:07:58 INFO  no build target found for /Users/macciek/praca/andrzej_1/stronaQr/src/main/java/com/example/stronaQr/qr/entity/QrUser.java. Using fallback presentation compiler.[0m
2026.03.23 16:07:59 WARN  no build target for: /Users/macciek/praca/andrzej_1/stronaQr/src/main/java/com/example/stronaQr/qr/entity/QrUser.java[0m
2026.03.23 16:07:58 INFO  no build target found for /Users/macciek/praca/andrzej_1/stronaQr/src/main/java/com/example/stronaQr/qr/entity/QrSession.java. Using fallback presentation compiler.[0m
2026.03.23 16:07:58 INFO  no build target found for /Users/macciek/praca/andrzej_1/stronaQr/src/main/java/com/example/stronaQr/qr/entity/QrResponse.java. Using fallback presentation compiler.[0m
2026.03.23 16:07:59 INFO  no build target found for /Users/macciek/praca/andrzej_1/stronaQr/src/main/java/com/example/stronaQr/core/handler/exception/controller/GlobalExceptionHandler.java. Using fallback presentation compiler.[0m
2026.03.23 16:07:58 INFO  no build target found for /Users/macciek/praca/andrzej_1/stronaQr/src/main/java/com/example/stronaQr/qr/entity/QrSession.java. Using fallback presentation compiler.[0m
2026.03.23 16:07:58 INFO  no build target found for /Users/macciek/praca/andrzej_1/stronaQr/src/main/java/com/example/stronaQr/qr/entity/QrResponse.java. Using fallback presentation compiler.[0m
2026.03.23 16:07:59 WARN  no build target for: /Users/macciek/praca/andrzej_1/stronaQr/src/main/java/com/example/stronaQr/qr/entity/QrSession.java[0m
2026.03.23 16:07:58 INFO  no build target found for /Users/macciek/praca/andrzej_1/stronaQr/src/main/java/com/example/stronaQr/qr/entity/QrResponse.java. Using fallback presentation compiler.[0m
2026.03.23 16:07:59 WARN  no build target for: /Users/macciek/praca/andrzej_1/stronaQr/src/main/java/com/example/stronaQr/qr/entity/QrResponse.java[0m
2026.03.23 16:07:59 INFO  no build target found for /Users/macciek/praca/andrzej_1/stronaQr/src/main/java/com/example/stronaQr/core/handler/exception/controller/GlobalExceptionHandler.java. Using fallback presentation compiler.[0m
2026.03.23 16:08:01 INFO  no build target found for /Users/macciek/praca/andrzej_1/stronaQr/src/main/java/com/example/stronaQr/core/handler/exception/controller/GlobalExceptionHandler.java. Using fallback presentation compiler.[0m
2026.03.23 16:08:01 INFO  no build target found for /Users/macciek/praca/andrzej_1/stronaQr/src/main/java/com/example/stronaQr/core/handler/exception/controller/GlobalExceptionHandler.java. Using fallback presentation compiler.[0m
2026.03.23 16:08:03 INFO  no build target found for /Users/macciek/praca/andrzej_1/stronaQr/src/main/java/com/example/stronaQr/qr/repository/QrSessionRepository.java. Using fallback presentation compiler.[0m
2026.03.23 16:08:03 INFO  no build target found for /Users/macciek/praca/andrzej_1/stronaQr/src/main/java/com/example/stronaQr/qr/repository/QrUserRepository.java. Using fallback presentation compiler.[0m
2026.03.23 16:08:03 INFO  no build target found for /Users/macciek/praca/andrzej_1/stronaQr/src/main/java/com/example/stronaQr/qr/repository/QrSessionRepository.java. Using fallback presentation compiler.[0m
2026.03.23 16:08:03 INFO  no build target found for /Users/macciek/praca/andrzej_1/stronaQr/src/main/java/com/example/stronaQr/qr/repository/QrResponseRepository.java. Using fallback presentation compiler.[0m
2026.03.23 16:08:03 INFO  no build target found for /Users/macciek/praca/andrzej_1/stronaQr/src/main/java/com/example/stronaQr/qr/repository/QrSessionRepository.java. Using fallback presentation compiler.[0m
2026.03.23 16:08:03 INFO  no build target found for /Users/macciek/praca/andrzej_1/stronaQr/src/main/java/com/example/stronaQr/qr/repository/QrUserRepository.java. Using fallback presentation compiler.[0m
2026.03.23 16:08:03 WARN  no build target for: /Users/macciek/praca/andrzej_1/stronaQr/src/main/java/com/example/stronaQr/qr/repository/QrSessionRepository.java[0m
2026.03.23 16:08:03 INFO  no build target found for /Users/macciek/praca/andrzej_1/stronaQr/src/main/java/com/example/stronaQr/qr/repository/QrResponseRepository.java. Using fallback presentation compiler.[0m
2026.03.23 16:08:03 INFO  no build target found for /Users/macciek/praca/andrzej_1/stronaQr/src/main/java/com/example/stronaQr/qr/repository/QrUserRepository.java. Using fallback presentation compiler.[0m
2026.03.23 16:08:03 INFO  no build target found for /Users/macciek/praca/andrzej_1/stronaQr/src/main/java/com/example/stronaQr/core/handler/exception/controller/GlobalExceptionHandler.java. Using fallback presentation compiler.[0m
2026.03.23 16:08:03 INFO  no build target found for /Users/macciek/praca/andrzej_1/stronaQr/src/main/java/com/example/stronaQr/qr/repository/QrResponseRepository.java. Using fallback presentation compiler.[0m
2026.03.23 16:08:03 INFO  no build target found for /Users/macciek/praca/andrzej_1/stronaQr/src/main/java/com/example/stronaQr/qr/repository/QrUserRepository.java. Using fallback presentation compiler.[0m
2026.03.23 16:08:03 WARN  no build target for: /Users/macciek/praca/andrzej_1/stronaQr/src/main/java/com/example/stronaQr/qr/repository/QrUserRepository.java[0m
2026.03.23 16:08:03 WARN  no build target for: /Users/macciek/praca/andrzej_1/stronaQr/src/main/java/com/example/stronaQr/qr/repository/QrResponseRepository.java[0m
2026.03.23 16:08:04 INFO  no build target found for /Users/macciek/praca/andrzej_1/stronaQr/src/main/java/com/example/stronaQr/core/handler/exception/controller/GlobalExceptionHandler.java. Using fallback presentation compiler.[0m
2026.03.23 16:08:05 INFO  no build target found for /Users/macciek/praca/andrzej_1/stronaQr/src/main/java/com/example/stronaQr/core/handler/exception/controller/GlobalExceptionHandler.java. Using fallback presentation compiler.[0m
2026.03.23 16:08:05 INFO  no build target found for /Users/macciek/praca/andrzej_1/stronaQr/src/main/java/com/example/stronaQr/core/handler/exception/controller/GlobalExceptionHandler.java. Using fallback presentation compiler.[0m
2026.03.23 16:08:12 INFO  no build target found for /Users/macciek/praca/andrzej_1/stronaQr/src/main/java/com/example/stronaQr/qr/dto/SessionInfoDto.java. Using fallback presentation compiler.[0m
2026.03.23 16:08:12 INFO  no build target found for /Users/macciek/praca/andrzej_1/stronaQr/src/main/java/com/example/stronaQr/qr/dto/UserResponseDto.java. Using fallback presentation compiler.[0m
2026.03.23 16:08:12 INFO  no build target found for /Users/macciek/praca/andrzej_1/stronaQr/src/main/java/com/example/stronaQr/qr/dto/SessionInfoDto.java. Using fallback presentation compiler.[0m
2026.03.23 16:08:12 INFO  no build target found for /Users/macciek/praca/andrzej_1/stronaQr/src/main/java/com/example/stronaQr/qr/service/QrSessionService.java. Using fallback presentation compiler.[0m
2026.03.23 16:08:12 INFO  no build target found for /Users/macciek/praca/andrzej_1/stronaQr/src/main/java/com/example/stronaQr/qr/dto/SessionInfoDto.java. Using fallback presentation compiler.[0m
2026.03.23 16:08:12 INFO  no build target found for /Users/macciek/praca/andrzej_1/stronaQr/src/main/java/com/example/stronaQr/qr/dto/UserResponseDto.java. Using fallback presentation compiler.[0m
2026.03.23 16:08:12 INFO  no build target found for /Users/macciek/praca/andrzej_1/stronaQr/src/main/java/com/example/stronaQr/qr/dto/SessionInfoDto.java. Using fallback presentation compiler.[0m
2026.03.23 16:08:12 INFO  no build target found for /Users/macciek/praca/andrzej_1/stronaQr/src/main/java/com/example/stronaQr/qr/service/QrSessionService.java. Using fallback presentation compiler.[0m
2026.03.23 16:08:12 INFO  no build target found for /Users/macciek/praca/andrzej_1/stronaQr/src/main/java/com/example/stronaQr/qr/dto/UserResponseDto.java. Using fallback presentation compiler.[0m
2026.03.23 16:08:12 INFO  no build target found for /Users/macciek/praca/andrzej_1/stronaQr/src/main/java/com/example/stronaQr/qr/dto/SessionInfoDto.java. Using fallback presentation compiler.[0m
2026.03.23 16:08:12 INFO  no build target found for /Users/macciek/praca/andrzej_1/stronaQr/src/main/java/com/example/stronaQr/qr/service/QrSessionService.java. Using fallback presentation compiler.[0m
2026.03.23 16:08:12 INFO  no build target found for /Users/macciek/praca/andrzej_1/stronaQr/src/main/java/com/example/stronaQr/qr/dto/UserResponseDto.java. Using fallback presentation compiler.[0m
2026.03.23 16:08:12 INFO  no build target found for /Users/macciek/praca/andrzej_1/stronaQr/src/main/java/com/example/stronaQr/qr/dto/SessionInfoDto.java. Using fallback presentation compiler.[0m
2026.03.23 16:08:12 INFO  no build target found for /Users/macciek/praca/andrzej_1/stronaQr/src/main/java/com/example/stronaQr/qr/service/QrSessionService.java. Using fallback presentation compiler.[0m
2026.03.23 16:08:12 INFO  no build target found for /Users/macciek/praca/andrzej_1/stronaQr/src/main/java/com/example/stronaQr/qr/dto/UserResponseDto.java. Using fallback presentation compiler.[0m
2026.03.23 16:08:12 INFO  no build target found for /Users/macciek/praca/andrzej_1/stronaQr/src/main/java/com/example/stronaQr/qr/dto/SessionInfoDto.java. Using fallback presentation compiler.[0m
2026.03.23 16:08:12 INFO  no build target found for /Users/macciek/praca/andrzej_1/stronaQr/src/main/java/com/example/stronaQr/qr/service/QrSessionService.java. Using fallback presentation compiler.[0m
2026.03.23 16:08:12 INFO  no build target found for /Users/macciek/praca/andrzej_1/stronaQr/src/main/java/com/example/stronaQr/qr/dto/UserResponseDto.java. Using fallback presentation compiler.[0m
2026.03.23 16:08:12 INFO  no build target found for /Users/macciek/praca/andrzej_1/stronaQr/src/main/java/com/example/stronaQr/qr/service/QrSessionService.java. Using fallback presentation compiler.[0m
2026.03.23 16:08:12 INFO  no build target found for /Users/macciek/praca/andrzej_1/stronaQr/src/main/java/com/example/stronaQr/qr/dto/UserResponseDto.java. Using fallback presentation compiler.[0m
2026.03.23 16:08:12 WARN  no build target for: /Users/macciek/praca/andrzej_1/stronaQr/src/main/java/com/example/stronaQr/qr/dto/SessionInfoDto.java[0m
2026.03.23 16:08:12 INFO  no build target found for /Users/macciek/praca/andrzej_1/stronaQr/src/main/java/com/example/stronaQr/qr/service/QrSessionService.java. Using fallback presentation compiler.[0m
2026.03.23 16:08:12 INFO  no build target found for /Users/macciek/praca/andrzej_1/stronaQr/src/main/java/com/example/stronaQr/qr/dto/UserResponseDto.java. Using fallback presentation compiler.[0m
2026.03.23 16:08:12 INFO  no build target found for /Users/macciek/praca/andrzej_1/stronaQr/src/main/java/com/example/stronaQr/core/handler/exception/controller/GlobalExceptionHandler.java. Using fallback presentation compiler.[0m
2026.03.23 16:08:12 INFO  no build target found for /Users/macciek/praca/andrzej_1/stronaQr/src/main/java/com/example/stronaQr/qr/service/QrSessionService.java. Using fallback presentation compiler.[0m
2026.03.23 16:08:12 INFO  no build target found for /Users/macciek/praca/andrzej_1/stronaQr/src/main/java/com/example/stronaQr/qr/dto/UserResponseDto.java. Using fallback presentation compiler.[0m
2026.03.23 16:08:12 WARN  no build target for: /Users/macciek/praca/andrzej_1/stronaQr/src/main/java/com/example/stronaQr/qr/dto/UserResponseDto.java[0m
2026.03.23 16:08:12 INFO  no build target found for /Users/macciek/praca/andrzej_1/stronaQr/src/main/java/com/example/stronaQr/qr/service/QrSessionService.java. Using fallback presentation compiler.[0m
2026.03.23 16:08:12 INFO  no build target found for /Users/macciek/praca/andrzej_1/stronaQr/src/main/java/com/example/stronaQr/core/handler/exception/controller/GlobalExceptionHandler.java. Using fallback presentation compiler.[0m
2026.03.23 16:08:13 INFO  no build target found for /Users/macciek/praca/andrzej_1/stronaQr/src/main/java/com/example/stronaQr/qr/service/QrSessionService.java. Using fallback presentation compiler.[0m
2026.03.23 16:08:12 WARN  no build target for: /Users/macciek/praca/andrzej_1/stronaQr/src/main/java/com/example/stronaQr/qr/service/QrSessionService.java[0m
2026.03.23 16:08:12 INFO  no build target found for /Users/macciek/praca/andrzej_1/stronaQr/src/main/java/com/example/stronaQr/core/handler/exception/controller/GlobalExceptionHandler.java. Using fallback presentation compiler.[0m
2026.03.23 16:08:15 INFO  no build target found for /Users/macciek/praca/andrzej_1/stronaQr/src/main/java/com/example/stronaQr/core/handler/exception/controller/GlobalExceptionHandler.java. Using fallback presentation compiler.[0m
2026.03.23 16:08:17 INFO  no build target found for /Users/macciek/praca/andrzej_1/stronaQr/src/main/java/com/example/stronaQr/core/handler/exception/controller/GlobalExceptionHandler.java. Using fallback presentation compiler.[0m
2026.03.23 16:08:19 INFO  no build target found for /Users/macciek/praca/andrzej_1/stronaQr/src/main/java/com/example/stronaQr/qr/controller/QrController.java. Using fallback presentation compiler.[0m
2026.03.23 16:08:19 WARN  no build target for: /Users/macciek/praca/andrzej_1/stronaQr/src/main/java/com/example/stronaQr/qr/controller/QrController.java[0m
2026.03.23 16:08:19 INFO  no build target found for /Users/macciek/praca/andrzej_1/stronaQr/src/main/java/com/example/stronaQr/core/handler/exception/controller/GlobalExceptionHandler.java. Using fallback presentation compiler.[0m
2026.03.23 16:08:21 INFO  no build target found for /Users/macciek/praca/andrzej_1/stronaQr/src/main/java/com/example/stronaQr/core/handler/exception/controller/GlobalExceptionHandler.java. Using fallback presentation compiler.[0m
2026.03.23 16:08:21 INFO  no build target found for /Users/macciek/praca/andrzej_1/stronaQr/src/main/java/com/example/stronaQr/core/handler/exception/controller/GlobalExceptionHandler.java. Using fallback presentation compiler.[0m
2026.03.23 16:08:40 INFO  no build target found for /Users/macciek/praca/andrzej_1/stronaQr/src/main/java/com/example/stronaQr/core/handler/exception/controller/GlobalExceptionHandler.java. Using fallback presentation compiler.[0m
2026.03.23 16:08:40 INFO  no build target found for /Users/macciek/praca/andrzej_1/stronaQr/src/main/java/com/example/stronaQr/core/handler/exception/controller/GlobalExceptionHandler.java. Using fallback presentation compiler.[0m
2026.03.23 16:08:59 INFO  no build target found for /Users/macciek/praca/andrzej_1/stronaQr/src/main/java/com/example/stronaQr/core/handler/exception/controller/GlobalExceptionHandler.java. Using fallback presentation compiler.[0m
2026.03.23 16:08:59 INFO  no build target found for /Users/macciek/praca/andrzej_1/stronaQr/src/main/java/com/example/stronaQr/core/handler/exception/controller/GlobalExceptionHandler.java. Using fallback presentation compiler.[0m
2026.03.23 16:09:05 INFO  no build target found for /Users/macciek/praca/andrzej_1/stronaQr/src/main/java/com/example/stronaQr/core/handler/exception/controller/GlobalExceptionHandler.java. Using fallback presentation compiler.[0m
2026.03.23 16:09:06 INFO  no build target found for /Users/macciek/praca/andrzej_1/stronaQr/src/main/java/com/example/stronaQr/core/handler/exception/controller/GlobalExceptionHandler.java. Using fallback presentation compiler.[0m
2026.03.23 16:09:09 INFO  no build target found for /Users/macciek/praca/andrzej_1/stronaQr/src/main/java/com/example/stronaQr/core/handler/exception/controller/GlobalExceptionHandler.java. Using fallback presentation compiler.[0m
2026.03.23 16:09:09 INFO  no build target found for /Users/macciek/praca/andrzej_1/stronaQr/src/main/java/com/example/stronaQr/core/handler/exception/controller/GlobalExceptionHandler.java. Using fallback presentation compiler.[0m
2026.03.23 16:09:10 INFO  no build target found for /Users/macciek/praca/andrzej_1/stronaQr/src/main/java/com/example/stronaQr/core/handler/exception/controller/GlobalExceptionHandler.java. Using fallback presentation compiler.[0m
2026.03.23 16:09:12 INFO  no build target found for /Users/macciek/praca/andrzej_1/stronaQr/src/main/java/com/example/stronaQr/qr/controller/QrController.java. Using fallback presentation compiler.[0m
2026.03.23 16:09:12 WARN  no build target for: /Users/macciek/praca/andrzej_1/stronaQr/src/main/java/com/example/stronaQr/qr/controller/QrController.java[0m
mar 23, 2026 4:09:12 PM org.eclipse.lsp4j.jsonrpc.RemoteEndpoint handleCancellation
WARNING: Unmatched cancel notification for request id 224
2026.03.23 16:09:12 INFO  no build target found for /Users/macciek/praca/andrzej_1/stronaQr/src/main/java/com/example/stronaQr/qr/controller/QrController.java. Using fallback presentation compiler.[0m
2026.03.23 16:09:12 INFO  no build target found for /Users/macciek/praca/andrzej_1/stronaQr/src/main/java/com/example/stronaQr/qr/controller/QrController.java. Using fallback presentation compiler.[0m
2026.03.23 16:09:19 WARN  no build target for: /Users/macciek/praca/andrzej_1/stronaQr/src/main/java/com/example/stronaQr/qr/controller/QrController.java[0m
2026.03.23 16:09:32 INFO  no build target found for /Users/macciek/praca/andrzej_1/stronaQr/src/main/java/com/example/stronaQr/qr/entity/QrSession.java. Using fallback presentation compiler.[0m
2026.03.23 16:09:33 WARN  no build target for: /Users/macciek/praca/andrzej_1/stronaQr/src/main/java/com/example/stronaQr/qr/entity/QrSession.java[0m
mar 23, 2026 4:09:33 PM org.eclipse.lsp4j.jsonrpc.RemoteEndpoint handleCancellation
WARNING: Unmatched cancel notification for request id 238
2026.03.23 16:09:32 INFO  no build target found for /Users/macciek/praca/andrzej_1/stronaQr/src/main/java/com/example/stronaQr/qr/entity/QrSession.java. Using fallback presentation compiler.[0m
2026.03.23 16:09:33 INFO  no build target found for /Users/macciek/praca/andrzej_1/stronaQr/src/main/java/com/example/stronaQr/qr/entity/QrSession.java. Using fallback presentation compiler.[0m
2026.03.23 16:09:32 INFO  no build target found for /Users/macciek/praca/andrzej_1/stronaQr/src/main/java/com/example/stronaQr/qr/entity/QrUser.java. Using fallback presentation compiler.[0m
2026.03.23 16:09:33 WARN  no build target for: /Users/macciek/praca/andrzej_1/stronaQr/src/main/java/com/example/stronaQr/qr/entity/QrUser.java[0m
2026.03.23 16:09:33 INFO  no build target found for /Users/macciek/praca/andrzej_1/stronaQr/src/main/java/com/example/stronaQr/qr/entity/QrUser.java. Using fallback presentation compiler.[0m
2026.03.23 16:09:33 WARN  no build target for: /Users/macciek/praca/andrzej_1/stronaQr/src/main/java/com/example/stronaQr/qr/entity/QrSession.java[0m
2026.03.23 16:09:32 INFO  no build target found for /Users/macciek/praca/andrzej_1/stronaQr/src/main/java/com/example/stronaQr/qr/entity/QrUser.java. Using fallback presentation compiler.[0m
2026.03.23 16:09:32 INFO  no build target found for /Users/macciek/praca/andrzej_1/stronaQr/src/main/java/com/example/stronaQr/qr/entity/QrResponse.java. Using fallback presentation compiler.[0m
2026.03.23 16:09:33 WARN  no build target for: /Users/macciek/praca/andrzej_1/stronaQr/src/main/java/com/example/stronaQr/qr/entity/QrResponse.java[0m
2026.03.23 16:09:33 INFO  no build target found for /Users/macciek/praca/andrzej_1/stronaQr/src/main/java/com/example/stronaQr/qr/entity/QrResponse.java. Using fallback presentation compiler.[0m
2026.03.23 16:09:32 INFO  no build target found for /Users/macciek/praca/andrzej_1/stronaQr/src/main/java/com/example/stronaQr/qr/entity/QrResponse.java. Using fallback presentation compiler.[0m
2026.03.23 16:09:33 WARN  no build target for: /Users/macciek/praca/andrzej_1/stronaQr/src/main/java/com/example/stronaQr/qr/entity/QrUser.java[0m
mar 23, 2026 4:09:34 PM org.eclipse.lsp4j.jsonrpc.RemoteEndpoint handleCancellation
WARNING: Unmatched cancel notification for request id 259
2026.03.23 16:09:34 INFO  no build target found for /Users/macciek/praca/andrzej_1/stronaQr/src/main/java/com/example/stronaQr/qr/repository/QrSessionRepository.java. Using fallback presentation compiler.[0m
2026.03.23 16:09:34 WARN  no build target for: /Users/macciek/praca/andrzej_1/stronaQr/src/main/java/com/example/stronaQr/qr/repository/QrSessionRepository.java[0m
2026.03.23 16:09:34 INFO  no build target found for /Users/macciek/praca/andrzej_1/stronaQr/src/main/java/com/example/stronaQr/qr/repository/QrSessionRepository.java. Using fallback presentation compiler.[0m
2026.03.23 16:09:34 WARN  no build target for: /Users/macciek/praca/andrzej_1/stronaQr/src/main/java/com/example/stronaQr/qr/entity/QrResponse.java[0m
2026.03.23 16:09:34 INFO  no build target found for /Users/macciek/praca/andrzej_1/stronaQr/src/main/java/com/example/stronaQr/qr/repository/QrSessionRepository.java. Using fallback presentation compiler.[0m
2026.03.23 16:09:34 INFO  no build target found for /Users/macciek/praca/andrzej_1/stronaQr/src/main/java/com/example/stronaQr/qr/repository/QrSessionRepository.java. Using fallback presentation compiler.[0m
2026.03.23 16:09:34 INFO  no build target found for /Users/macciek/praca/andrzej_1/stronaQr/src/main/java/com/example/stronaQr/qr/repository/QrUserRepository.java. Using fallback presentation compiler.[0m
2026.03.23 16:09:34 WARN  no build target for: /Users/macciek/praca/andrzej_1/stronaQr/src/main/java/com/example/stronaQr/qr/repository/QrUserRepository.java[0m
2026.03.23 16:09:34 INFO  no build target found for /Users/macciek/praca/andrzej_1/stronaQr/src/main/java/com/example/stronaQr/qr/repository/QrUserRepository.java. Using fallback presentation compiler.[0m
2026.03.23 16:09:34 WARN  no build target for: /Users/macciek/praca/andrzej_1/stronaQr/src/main/java/com/example/stronaQr/qr/repository/QrSessionRepository.java[0m
2026.03.23 16:09:34 INFO  no build target found for /Users/macciek/praca/andrzej_1/stronaQr/src/main/java/com/example/stronaQr/qr/repository/QrUserRepository.java. Using fallback presentation compiler.[0m
2026.03.23 16:09:34 INFO  no build target found for /Users/macciek/praca/andrzej_1/stronaQr/src/main/java/com/example/stronaQr/qr/repository/QrResponseRepository.java. Using fallback presentation compiler.[0m
2026.03.23 16:09:34 WARN  no build target for: /Users/macciek/praca/andrzej_1/stronaQr/src/main/java/com/example/stronaQr/qr/repository/QrResponseRepository.java[0m
2026.03.23 16:09:35 INFO  no build target found for /Users/macciek/praca/andrzej_1/stronaQr/src/main/java/com/example/stronaQr/qr/repository/QrResponseRepository.java. Using fallback presentation compiler.[0m
2026.03.23 16:09:35 INFO  no build target found for /Users/macciek/praca/andrzej_1/stronaQr/src/main/java/com/example/stronaQr/qr/repository/QrResponseRepository.java. Using fallback presentation compiler.[0m
2026.03.23 16:09:35 WARN  no build target for: /Users/macciek/praca/andrzej_1/stronaQr/src/main/java/com/example/stronaQr/qr/repository/QrUserRepository.java[0m
2026.03.23 16:09:35 INFO  no build target found for /Users/macciek/praca/andrzej_1/stronaQr/src/main/java/com/example/stronaQr/qr/dto/SessionInfoDto.java. Using fallback presentation compiler.[0m
2026.03.23 16:09:35 WARN  no build target for: /Users/macciek/praca/andrzej_1/stronaQr/src/main/java/com/example/stronaQr/qr/dto/SessionInfoDto.java[0m
2026.03.23 16:09:35 INFO  no build target found for /Users/macciek/praca/andrzej_1/stronaQr/src/main/java/com/example/stronaQr/qr/dto/SessionInfoDto.java. Using fallback presentation compiler.[0m
2026.03.23 16:09:35 INFO  no build target found for /Users/macciek/praca/andrzej_1/stronaQr/src/main/java/com/example/stronaQr/qr/dto/SessionInfoDto.java. Using fallback presentation compiler.[0m
2026.03.23 16:09:35 WARN  no build target for: /Users/macciek/praca/andrzej_1/stronaQr/src/main/java/com/example/stronaQr/qr/repository/QrResponseRepository.java[0m
2026.03.23 16:09:35 INFO  no build target found for /Users/macciek/praca/andrzej_1/stronaQr/src/main/java/com/example/stronaQr/qr/dto/UserResponseDto.java. Using fallback presentation compiler.[0m
2026.03.23 16:09:36 WARN  no build target for: /Users/macciek/praca/andrzej_1/stronaQr/src/main/java/com/example/stronaQr/qr/dto/UserResponseDto.java[0m
2026.03.23 16:09:35 INFO  no build target found for /Users/macciek/praca/andrzej_1/stronaQr/src/main/java/com/example/stronaQr/qr/dto/UserResponseDto.java. Using fallback presentation compiler.[0m
2026.03.23 16:09:36 INFO  no build target found for /Users/macciek/praca/andrzej_1/stronaQr/src/main/java/com/example/stronaQr/qr/dto/UserResponseDto.java. Using fallback presentation compiler.[0m
2026.03.23 16:09:36 WARN  no build target for: /Users/macciek/praca/andrzej_1/stronaQr/src/main/java/com/example/stronaQr/qr/dto/SessionInfoDto.java[0m
2026.03.23 16:09:36 INFO  no build target found for /Users/macciek/praca/andrzej_1/stronaQr/src/main/java/com/example/stronaQr/qr/service/QrSessionService.java. Using fallback presentation compiler.[0m
2026.03.23 16:09:36 WARN  no build target for: /Users/macciek/praca/andrzej_1/stronaQr/src/main/java/com/example/stronaQr/qr/service/QrSessionService.java[0m
2026.03.23 16:09:36 INFO  no build target found for /Users/macciek/praca/andrzej_1/stronaQr/src/main/java/com/example/stronaQr/qr/service/QrSessionService.java. Using fallback presentation compiler.[0m
2026.03.23 16:09:36 INFO  no build target found for /Users/macciek/praca/andrzej_1/stronaQr/src/main/java/com/example/stronaQr/qr/service/QrSessionService.java. Using fallback presentation compiler.[0m
2026.03.23 16:09:36 WARN  no build target for: /Users/macciek/praca/andrzej_1/stronaQr/src/main/java/com/example/stronaQr/qr/dto/UserResponseDto.java[0m
2026.03.23 16:09:37 WARN  no build target for: /Users/macciek/praca/andrzej_1/stronaQr/src/main/java/com/example/stronaQr/qr/service/QrSessionService.java[0m
2026.03.23 16:09:38 INFO  no build target found for /Users/macciek/praca/andrzej_1/stronaQr/src/main/java/com/example/stronaQr/qr/service/QrSessionService.java. Using fallback presentation compiler.[0m
2026.03.23 16:09:39 INFO  no build target found for /Users/macciek/praca/andrzej_1/stronaQr/src/main/java/com/example/stronaQr/qr/service/QrSessionService.java. Using fallback presentation compiler.[0m
2026.03.23 16:09:40 INFO  no build target found for /Users/macciek/praca/andrzej_1/stronaQr/src/main/java/com/example/stronaQr/qr/service/QrSessionService.java. Using fallback presentation compiler.[0m
2026.03.23 16:09:40 INFO  no build target found for /Users/macciek/praca/andrzej_1/stronaQr/src/main/java/com/example/stronaQr/qr/service/QrSessionService.java. Using fallback presentation compiler.[0m
mar 23, 2026 4:34:26 PM org.eclipse.lsp4j.jsonrpc.services.GenericEndpoint notify
INFO: Unsupported notification method: $/setTrace
2026.03.23 16:53:51 INFO  no build target found for /Users/macciek/praca/andrzej_1/stronaQr/src/main/java/com/example/stronaQr/global/config/SecurityConfig.java. Using fallback presentation compiler.[0m
2026.03.23 16:53:51 WARN  no build target for: /Users/macciek/praca/andrzej_1/stronaQr/src/main/java/com/example/stronaQr/global/config/SecurityConfig.java[0m
2026.03.23 16:54:17 INFO  no build target found for /Users/macciek/praca/andrzej_1/stronaQr/src/main/java/com/example/stronaQr/global/config/SecurityConfig.java. Using fallback presentation compiler.[0m
2026.03.23 16:54:17 WARN  no build target for: /Users/macciek/praca/andrzej_1/stronaQr/src/main/java/com/example/stronaQr/global/config/SecurityConfig.java[0m
2026.03.23 16:54:17 INFO  no build target found for /Users/macciek/praca/andrzej_1/stronaQr/src/main/java/com/example/stronaQr/global/config/SecurityConfig.java. Using fallback presentation compiler.[0m
2026.03.23 16:54:18 INFO  no build target found for /Users/macciek/praca/andrzej_1/stronaQr/src/main/java/com/example/stronaQr/global/config/SecurityConfig.java. Using fallback presentation compiler.[0m
2026.03.23 16:54:17 INFO  no build target found for /Users/macciek/praca/andrzej_1/stronaQr/src/main/java/com/example/stronaQr/global/config/SecurityConfig.java. Using fallback presentation compiler.[0m
2026.03.23 16:54:20 WARN  no build target for: /Users/macciek/praca/andrzej_1/stronaQr/src/main/java/com/example/stronaQr/global/config/SecurityConfig.java[0m
2026.03.23 16:54:22 INFO  no build target found for /Users/macciek/praca/andrzej_1/stronaQr/src/main/java/com/example/stronaQr/global/config/SecurityConfig.java. Using fallback presentation compiler.[0m
2026.03.23 16:54:23 WARN  no build target for: /Users/macciek/praca/andrzej_1/stronaQr/src/main/java/com/example/stronaQr/global/config/SecurityConfig.java[0m
2026.03.23 16:54:22 INFO  no build target found for /Users/macciek/praca/andrzej_1/stronaQr/src/main/java/com/example/stronaQr/global/config/SecurityConfig.java. Using fallback presentation compiler.[0m
2026.03.23 16:54:23 INFO  no build target found for /Users/macciek/praca/andrzej_1/stronaQr/src/main/java/com/example/stronaQr/global/config/SecurityConfig.java. Using fallback presentation compiler.[0m
2026.03.23 16:54:22 INFO  no build target found for /Users/macciek/praca/andrzej_1/stronaQr/src/main/java/com/example/stronaQr/global/config/SecurityConfig.java. Using fallback presentation compiler.[0m
2026.03.23 16:56:23 INFO  no build target found for /Users/macciek/praca/andrzej_1/stronaQr/src/main/java/com/example/stronaQr/StronaQrApplication.java. Using fallback presentation compiler.[0m
2026.03.23 16:56:23 WARN  no build target for: /Users/macciek/praca/andrzej_1/stronaQr/src/main/java/com/example/stronaQr/StronaQrApplication.java[0m
2026.03.23 16:57:52 INFO  no build target found for /Users/macciek/praca/andrzej_1/stronaQr/src/main/java/com/example/stronaQr/global/config/SecurityConfig.java. Using fallback presentation compiler.[0m
2026.03.23 17:00:22 INFO  no build target found for /Users/macciek/praca/andrzej_1/stronaQr/src/main/java/com/example/stronaQr/qr/controller/QrController.java. Using fallback presentation compiler.[0m
2026.03.23 17:00:22 INFO  no build target found for /Users/macciek/praca/andrzej_1/stronaQr/src/main/java/com/example/stronaQr/qr/controller/QrController.java. Using fallback presentation compiler.[0m
2026.03.23 17:00:24 INFO  no build target found for /Users/macciek/praca/andrzej_1/stronaQr/src/main/java/com/example/stronaQr/qr/dto/SessionInfoDto.java. Using fallback presentation compiler.[0m
2026.03.23 17:00:24 INFO  no build target found for /Users/macciek/praca/andrzej_1/stronaQr/src/main/java/com/example/stronaQr/qr/dto/SessionInfoDto.java. Using fallback presentation compiler.[0m
2026.03.23 17:00:24 INFO  no build target found for /Users/macciek/praca/andrzej_1/stronaQr/src/main/java/com/example/stronaQr/qr/dto/UserResponseDto.java. Using fallback presentation compiler.[0m
2026.03.23 17:00:24 INFO  no build target found for /Users/macciek/praca/andrzej_1/stronaQr/src/main/java/com/example/stronaQr/qr/dto/UserResponseDto.java. Using fallback presentation compiler.[0m
2026.03.23 17:00:24 INFO  no build target found for /Users/macciek/praca/andrzej_1/stronaQr/src/main/java/com/example/stronaQr/qr/entity/QrResponse.java. Using fallback presentation compiler.[0m
2026.03.23 17:00:24 INFO  no build target found for /Users/macciek/praca/andrzej_1/stronaQr/src/main/java/com/example/stronaQr/qr/entity/QrResponse.java. Using fallback presentation compiler.[0m
2026.03.23 17:00:24 INFO  no build target found for /Users/macciek/praca/andrzej_1/stronaQr/src/main/java/com/example/stronaQr/qr/entity/QrSession.java. Using fallback presentation compiler.[0m
2026.03.23 17:00:24 INFO  no build target found for /Users/macciek/praca/andrzej_1/stronaQr/src/main/java/com/example/stronaQr/qr/entity/QrSession.java. Using fallback presentation compiler.[0m
2026.03.23 17:00:24 INFO  no build target found for /Users/macciek/praca/andrzej_1/stronaQr/src/main/java/com/example/stronaQr/qr/entity/QrUser.java. Using fallback presentation compiler.[0m
2026.03.23 17:00:24 INFO  no build target found for /Users/macciek/praca/andrzej_1/stronaQr/src/main/java/com/example/stronaQr/qr/entity/QrUser.java. Using fallback presentation compiler.[0m
2026.03.23 17:00:24 INFO  no build target found for /Users/macciek/praca/andrzej_1/stronaQr/src/main/java/com/example/stronaQr/qr/repository/QrResponseRepository.java. Using fallback presentation compiler.[0m
2026.03.23 17:00:24 INFO  no build target found for /Users/macciek/praca/andrzej_1/stronaQr/src/main/java/com/example/stronaQr/qr/repository/QrResponseRepository.java. Using fallback presentation compiler.[0m
2026.03.23 17:00:24 INFO  no build target found for /Users/macciek/praca/andrzej_1/stronaQr/src/main/java/com/example/stronaQr/qr/repository/QrSessionRepository.java. Using fallback presentation compiler.[0m
2026.03.23 17:00:24 INFO  no build target found for /Users/macciek/praca/andrzej_1/stronaQr/src/main/java/com/example/stronaQr/qr/repository/QrSessionRepository.java. Using fallback presentation compiler.[0m
2026.03.23 17:05:37 INFO  no build target found for /Users/macciek/praca/andrzej_1/stronaQr/src/main/java/com/example/stronaQr/StronaQrApplication.java. Using fallback presentation compiler.[0m
2026.03.23 17:05:38 WARN  no build target for: /Users/macciek/praca/andrzej_1/stronaQr/src/main/java/com/example/stronaQr/StronaQrApplication.java[0m
mar 23, 2026 5:05:38 PM org.eclipse.lsp4j.jsonrpc.RemoteEndpoint handleCancellation
WARNING: Unmatched cancel notification for request id 354
2026.03.23 17:05:37 INFO  no build target found for /Users/macciek/praca/andrzej_1/stronaQr/src/main/java/com/example/stronaQr/StronaQrApplication.java. Using fallback presentation compiler.[0m
2026.03.23 17:05:37 INFO  no build target found for /Users/macciek/praca/andrzej_1/stronaQr/src/main/java/com/example/stronaQr/StronaQrApplication.java. Using fallback presentation compiler.[0m
mar 23, 2026 5:05:38 PM org.eclipse.lsp4j.jsonrpc.RemoteEndpoint handleCancellation
WARNING: Unmatched cancel notification for request id 357
2026.03.23 17:05:38 INFO  no build target found for /Users/macciek/praca/andrzej_1/stronaQr/src/main/java/com/example/stronaQr/StronaQrApplication.java. Using fallback presentation compiler.[0m
2026.03.23 17:05:38 WARN  no build target for: /Users/macciek/praca/andrzej_1/stronaQr/src/main/java/com/example/stronaQr/StronaQrApplication.java[0m
2026.03.23 17:15:11 INFO  no build target found for /Users/macciek/praca/andrzej_1/stronaQr/src/main/java/com/example/stronaQr/qr/controller/QrController.java. Using fallback presentation compiler.[0m
2026.03.23 17:15:12 INFO  no build target found for /Users/macciek/praca/andrzej_1/stronaQr/src/main/java/com/example/stronaQr/qr/dto/SessionInfoDto.java. Using fallback presentation compiler.[0m
2026.03.23 17:15:12 INFO  no build target found for /Users/macciek/praca/andrzej_1/stronaQr/src/main/java/com/example/stronaQr/qr/dto/UserResponseDto.java. Using fallback presentation compiler.[0m
2026.03.23 17:15:11 INFO  no build target found for /Users/macciek/praca/andrzej_1/stronaQr/src/main/java/com/example/stronaQr/qr/entity/QrResponse.java. Using fallback presentation compiler.[0m
2026.03.23 17:15:12 INFO  no build target found for /Users/macciek/praca/andrzej_1/stronaQr/src/main/java/com/example/stronaQr/qr/entity/QrSession.java. Using fallback presentation compiler.[0m
2026.03.23 17:15:12 INFO  no build target found for /Users/macciek/praca/andrzej_1/stronaQr/src/main/java/com/example/stronaQr/qr/entity/QrUser.java. Using fallback presentation compiler.[0m
2026.03.23 17:15:11 INFO  no build target found for /Users/macciek/praca/andrzej_1/stronaQr/src/main/java/com/example/stronaQr/qr/repository/QrResponseRepository.java. Using fallback presentation compiler.[0m
2026.03.23 17:15:12 INFO  no build target found for /Users/macciek/praca/andrzej_1/stronaQr/src/main/java/com/example/stronaQr/qr/repository/QrSessionRepository.java. Using fallback presentation compiler.[0m
2026.03.23 17:15:38 INFO  no build target found for /Users/macciek/praca/andrzej_1/stronaQr/src/main/java/com/example/stronaQr/qr/controller/QrController.java. Using fallback presentation compiler.[0m
2026.03.23 17:15:38 INFO  no build target found for /Users/macciek/praca/andrzej_1/stronaQr/src/main/java/com/example/stronaQr/qr/dto/SessionInfoDto.java. Using fallback presentation compiler.[0m
2026.03.23 17:15:38 INFO  no build target found for /Users/macciek/praca/andrzej_1/stronaQr/src/main/java/com/example/stronaQr/qr/dto/UserResponseDto.java. Using fallback presentation compiler.[0m
2026.03.23 17:15:38 INFO  no build target found for /Users/macciek/praca/andrzej_1/stronaQr/src/main/java/com/example/stronaQr/qr/entity/QrResponse.java. Using fallback presentation compiler.[0m
2026.03.23 17:15:38 INFO  no build target found for /Users/macciek/praca/andrzej_1/stronaQr/src/main/java/com/example/stronaQr/qr/entity/QrSession.java. Using fallback presentation compiler.[0m
2026.03.23 17:15:38 INFO  no build target found for /Users/macciek/praca/andrzej_1/stronaQr/src/main/java/com/example/stronaQr/qr/entity/QrUser.java. Using fallback presentation compiler.[0m
2026.03.23 17:15:38 INFO  no build target found for /Users/macciek/praca/andrzej_1/stronaQr/src/main/java/com/example/stronaQr/qr/repository/QrResponseRepository.java. Using fallback presentation compiler.[0m
2026.03.23 17:15:38 INFO  no build target found for /Users/macciek/praca/andrzej_1/stronaQr/src/main/java/com/example/stronaQr/qr/repository/QrSessionRepository.java. Using fallback presentation compiler.[0m
2026.03.23 17:15:49 INFO  no build target found for /Users/macciek/praca/andrzej_1/stronaQr/src/main/java/com/example/stronaQr/qr/controller/QrController.java. Using fallback presentation compiler.[0m
2026.03.23 17:15:49 INFO  no build target found for /Users/macciek/praca/andrzej_1/stronaQr/src/main/java/com/example/stronaQr/qr/dto/SessionInfoDto.java. Using fallback presentation compiler.[0m
2026.03.23 17:15:49 INFO  no build target found for /Users/macciek/praca/andrzej_1/stronaQr/src/main/java/com/example/stronaQr/qr/dto/UserResponseDto.java. Using fallback presentation compiler.[0m
2026.03.23 17:15:49 INFO  no build target found for /Users/macciek/praca/andrzej_1/stronaQr/src/main/java/com/example/stronaQr/qr/entity/QrResponse.java. Using fallback presentation compiler.[0m
2026.03.23 17:15:49 INFO  no build target found for /Users/macciek/praca/andrzej_1/stronaQr/src/main/java/com/example/stronaQr/qr/entity/QrSession.java. Using fallback presentation compiler.[0m
2026.03.23 17:15:49 INFO  no build target found for /Users/macciek/praca/andrzej_1/stronaQr/src/main/java/com/example/stronaQr/qr/entity/QrUser.java. Using fallback presentation compiler.[0m
2026.03.23 17:15:49 INFO  no build target found for /Users/macciek/praca/andrzej_1/stronaQr/src/main/java/com/example/stronaQr/qr/repository/QrResponseRepository.java. Using fallback presentation compiler.[0m
2026.03.23 17:15:49 INFO  no build target found for /Users/macciek/praca/andrzej_1/stronaQr/src/main/java/com/example/stronaQr/qr/repository/QrSessionRepository.java. Using fallback presentation compiler.[0m
2026.03.23 17:21:36 INFO  no build target found for /Users/macciek/praca/andrzej_1/stronaQr/src/main/java/com/example/stronaQr/qr/controller/QrController.java. Using fallback presentation compiler.[0m
2026.03.23 17:21:36 INFO  no build target found for /Users/macciek/praca/andrzej_1/stronaQr/src/main/java/com/example/stronaQr/qr/dto/SessionInfoDto.java. Using fallback presentation compiler.[0m
2026.03.23 17:21:36 INFO  no build target found for /Users/macciek/praca/andrzej_1/stronaQr/src/main/java/com/example/stronaQr/qr/dto/UserResponseDto.java. Using fallback presentation compiler.[0m
2026.03.23 17:21:36 INFO  no build target found for /Users/macciek/praca/andrzej_1/stronaQr/src/main/java/com/example/stronaQr/qr/entity/QrResponse.java. Using fallback presentation compiler.[0m
2026.03.23 17:21:36 INFO  no build target found for /Users/macciek/praca/andrzej_1/stronaQr/src/main/java/com/example/stronaQr/qr/entity/QrSession.java. Using fallback presentation compiler.[0m
2026.03.23 17:21:36 INFO  no build target found for /Users/macciek/praca/andrzej_1/stronaQr/src/main/java/com/example/stronaQr/qr/entity/QrUser.java. Using fallback presentation compiler.[0m
2026.03.23 17:21:36 INFO  no build target found for /Users/macciek/praca/andrzej_1/stronaQr/src/main/java/com/example/stronaQr/qr/repository/QrResponseRepository.java. Using fallback presentation compiler.[0m
2026.03.23 17:21:36 INFO  no build target found for /Users/macciek/praca/andrzej_1/stronaQr/src/main/java/com/example/stronaQr/qr/repository/QrSessionRepository.java. Using fallback presentation compiler.[0m
2026.03.23 17:28:28 INFO  no build target found for /Users/macciek/praca/andrzej_1/stronaQr/src/main/java/com/example/stronaQr/qr/entity/QrSession.java. Using fallback presentation compiler.[0m
2026.03.23 17:28:28 WARN  no build target for: /Users/macciek/praca/andrzej_1/stronaQr/src/main/java/com/example/stronaQr/qr/entity/QrSession.java[0m
2026.03.23 17:28:36 INFO  no build target found for /Users/macciek/praca/andrzej_1/stronaQr/src/main/java/com/example/stronaQr/qr/dto/SessionInfoDto.java. Using fallback presentation compiler.[0m
2026.03.23 17:28:36 WARN  no build target for: /Users/macciek/praca/andrzej_1/stronaQr/src/main/java/com/example/stronaQr/qr/dto/SessionInfoDto.java[0m
2026.03.23 17:28:44 INFO  no build target found for /Users/macciek/praca/andrzej_1/stronaQr/src/main/java/com/example/stronaQr/qr/service/QrSessionService.java. Using fallback presentation compiler.[0m
2026.03.23 17:28:44 WARN  no build target for: /Users/macciek/praca/andrzej_1/stronaQr/src/main/java/com/example/stronaQr/qr/service/QrSessionService.java[0m
2026.03.23 17:28:50 INFO  no build target found for /Users/macciek/praca/andrzej_1/stronaQr/src/main/java/com/example/stronaQr/qr/controller/QrController.java. Using fallback presentation compiler.[0m
2026.03.23 17:28:50 WARN  no build target for: /Users/macciek/praca/andrzej_1/stronaQr/src/main/java/com/example/stronaQr/qr/controller/QrController.java[0m
2026.03.23 17:29:28 INFO  no build target found for /Users/macciek/praca/andrzej_1/stronaQr/src/main/java/com/example/stronaQr/qr/entity/QrSession.java. Using fallback presentation compiler.[0m
2026.03.23 17:29:28 WARN  no build target for: /Users/macciek/praca/andrzej_1/stronaQr/src/main/java/com/example/stronaQr/qr/entity/QrSession.java[0m
2026.03.23 17:29:28 INFO  no build target found for /Users/macciek/praca/andrzej_1/stronaQr/src/main/java/com/example/stronaQr/qr/entity/QrSession.java. Using fallback presentation compiler.[0m
2026.03.23 17:29:28 INFO  no build target found for /Users/macciek/praca/andrzej_1/stronaQr/src/main/java/com/example/stronaQr/qr/dto/SessionInfoDto.java. Using fallback presentation compiler.[0m
2026.03.23 17:29:29 WARN  no build target for: /Users/macciek/praca/andrzej_1/stronaQr/src/main/java/com/example/stronaQr/qr/dto/SessionInfoDto.java[0m
2026.03.23 17:29:29 INFO  no build target found for /Users/macciek/praca/andrzej_1/stronaQr/src/main/java/com/example/stronaQr/qr/dto/SessionInfoDto.java. Using fallback presentation compiler.[0m
2026.03.23 17:29:29 WARN  no build target for: /Users/macciek/praca/andrzej_1/stronaQr/src/main/java/com/example/stronaQr/qr/entity/QrSession.java[0m
2026.03.23 17:29:29 INFO  no build target found for /Users/macciek/praca/andrzej_1/stronaQr/src/main/java/com/example/stronaQr/qr/dto/SessionInfoDto.java. Using fallback presentation compiler.[0m
2026.03.23 17:29:30 INFO  no build target found for /Users/macciek/praca/andrzej_1/stronaQr/src/main/java/com/example/stronaQr/qr/service/QrSessionService.java. Using fallback presentation compiler.[0m
2026.03.23 17:29:30 WARN  no build target for: /Users/macciek/praca/andrzej_1/stronaQr/src/main/java/com/example/stronaQr/qr/service/QrSessionService.java[0m
mar 23, 2026 5:29:30 PM org.eclipse.lsp4j.jsonrpc.RemoteEndpoint handleCancellation
WARNING: Unmatched cancel notification for request id 410
2026.03.23 17:29:30 INFO  no build target found for /Users/macciek/praca/andrzej_1/stronaQr/src/main/java/com/example/stronaQr/qr/service/QrSessionService.java. Using fallback presentation compiler.[0m
2026.03.23 17:29:30 WARN  no build target for: /Users/macciek/praca/andrzej_1/stronaQr/src/main/java/com/example/stronaQr/qr/dto/SessionInfoDto.java[0m
2026.03.23 17:29:30 INFO  no build target found for /Users/macciek/praca/andrzej_1/stronaQr/src/main/java/com/example/stronaQr/qr/controller/QrController.java. Using fallback presentation compiler.[0m
2026.03.23 17:29:31 WARN  no build target for: /Users/macciek/praca/andrzej_1/stronaQr/src/main/java/com/example/stronaQr/qr/controller/QrController.java[0m
2026.03.23 17:29:31 INFO  no build target found for /Users/macciek/praca/andrzej_1/stronaQr/src/main/java/com/example/stronaQr/qr/controller/QrController.java. Using fallback presentation compiler.[0m
2026.03.23 17:29:31 WARN  no build target for: /Users/macciek/praca/andrzej_1/stronaQr/src/main/java/com/example/stronaQr/qr/service/QrSessionService.java[0m
2026.03.23 17:29:32 WARN  no build target for: /Users/macciek/praca/andrzej_1/stronaQr/src/main/java/com/example/stronaQr/qr/controller/QrController.java[0m
2026.03.23 17:38:00 INFO  no build target found for /Users/macciek/praca/andrzej_1/stronaQr/src/main/java/com/example/stronaQr/qr/controller/QrController.java. Using fallback presentation compiler.[0m
2026.03.23 17:38:01 INFO  no build target found for /Users/macciek/praca/andrzej_1/stronaQr/src/main/java/com/example/stronaQr/qr/entity/QrSession.java. Using fallback presentation compiler.[0m
2026.03.23 17:38:00 INFO  no build target found for /Users/macciek/praca/andrzej_1/stronaQr/src/main/java/com/example/stronaQr/qr/service/QrSessionService.java. Using fallback presentation compiler.[0m
2026.03.23 17:38:15 INFO  no build target found for /Users/macciek/praca/andrzej_1/stronaQr/src/main/java/com/example/stronaQr/qr/controller/QrController.java. Using fallback presentation compiler.[0m
2026.03.23 17:38:15 INFO  no build target found for /Users/macciek/praca/andrzej_1/stronaQr/src/main/java/com/example/stronaQr/qr/entity/QrSession.java. Using fallback presentation compiler.[0m
2026.03.23 17:38:15 INFO  no build target found for /Users/macciek/praca/andrzej_1/stronaQr/src/main/java/com/example/stronaQr/qr/service/QrSessionService.java. Using fallback presentation compiler.[0m
